{
  "version": "1.5.0",
  "plugins_used": [
    {
      "name": "ArtifactoryDetector"
    },
    {
      "name": "AWSKeyDetector"
    },
    {
      "name": "AzureStorageKeyDetector"
    },
    {
      "name": "Base64HighEntropyString",
      "limit": 4.5
    },
    {
      "name": "BasicAuthDetector"
    },
    {
      "name": "CloudantDetector"
    },
    {
      "name": "DiscordBotTokenDetector"
    },
    {
      "name": "GitHubTokenDetector"
    },
    {
      "name": "GitLabTokenDetector"
    },
    {
      "name": "HexHighEntropyString",
      "limit": 3.0
    },
    {
      "name": "IbmCloudIamDetector"
    },
    {
      "name": "IbmCosHmacDetector"
    },
    {
      "name": "IPPublicDetector"
    },
    {
      "name": "JwtTokenDetector"
    },
    {
      "name": "KeywordDetector",
      "keyword_exclude": ""
    },
    {
      "name": "MailchimpDetector"
    },
    {
      "name": "NpmDetector"
    },
    {
      "name": "OpenAIDetector"
    },
    {
      "name": "PrivateKeyDetector"
    },
    {
      "name": "PypiTokenDetector"
    },
    {
      "name": "SendGridDetector"
    },
    {
      "name": "SlackDetector"
    },
    {
      "name": "SoftlayerDetector"
    },
    {
      "name": "SquareOAuthDetector"
    },
    {
      "name": "StripeDetector"
    },
    {
      "name": "TelegramBotTokenDetector"
    },
    {
      "name": "TwilioKeyDetector"
    }
  ],
  "filters_used": [
    {
      "path": "detect_secrets.filters.allowlist.is_line_allowlisted"
    },
    {
      "path": "detect_secrets.filters.common.is_ignored_due_to_verification_policies",
      "min_level": 2
    },
    {
      "path": "detect_secrets.filters.heuristic.is_indirect_reference"
    },
    {
      "path": "detect_secrets.filters.heuristic.is_likely_id_string"
    },
    {
      "path": "detect_secrets.filters.heuristic.is_lock_file"
    },
    {
      "path": "detect_secrets.filters.heuristic.is_not_alphanumeric_string"
    },
    {
      "path": "detect_secrets.filters.heuristic.is_potential_uuid"
    },
    {
      "path": "detect_secrets.filters.heuristic.is_prefixed_with_dollar_sign"
    },
    {
      "path": "detect_secrets.filters.heuristic.is_sequential_string"
    },
    {
      "path": "detect_secrets.filters.heuristic.is_swagger_file"
    },
    {
      "path": "detect_secrets.filters.heuristic.is_templated_secret"
    },
    {
      "path": "detect_secrets.filters.regex.should_exclude_file",
      "pattern": [
        "\\.venv/",
        "uv\\.lock",
        "\\.secrets\\.baseline"
      ]
    }
  ],
  "results": {
    ".claude/guides/claude-code/03-installation-and-first-run.md": [
      {
        "type": "Secret Keyword",
        "filename": ".claude/guides/claude-code/03-installation-and-first-run.md",
        "hashed_secret": "4dd0eb345270efc47af3f55998ffc216437cc631",
        "is_verified": false,
        "line_number": 312
      }
    ],
    ".claude/guides/claude-code/10-daily-workflows.md": [
      {
        "type": "Secret Keyword",
        "filename": ".claude/guides/claude-code/10-daily-workflows.md",
        "hashed_secret": "f409ce90a1cd144912d1df8620215b2dc9fda731",
        "is_verified": false,
        "line_number": 136
      },
      {
        "type": "Basic Auth Credentials",
        "filename": ".claude/guides/claude-code/10-daily-workflows.md",
        "hashed_secret": "9d4e1e23bd5b727046a9e3b4b7db57bd8d6ee684",
        "is_verified": false,
        "line_number": 438
      }
    ],
    ".claude/guides/claude-code/12-troubleshooting.md": [
      {
        "type": "Secret Keyword",
        "filename": ".claude/guides/claude-code/12-troubleshooting.md",
        "hashed_secret": "a8253456364f1bfc7da7ae4a1db5b45d106317a5",
        "is_verified": false,
        "line_number": 60
      }
    ],
    ".claude/rules/security.md": [
      {
        "type": "Secret Keyword",
        "filename": ".claude/rules/security.md",
        "hashed_secret": "ec3810e10fb78db55ce38b9c18d1c3eb1db739e0",
        "is_verified": false,
        "line_number": 12
      },
      {
        "type": "Secret Keyword",
        "filename": ".claude/rules/security.md",
        "hashed_secret": "f865b53623b121fd34ee5426c792e5c33af8c227",
        "is_verified": false,
        "line_number": 13
      },
      {
        "type": "Basic Auth Credentials",
        "filename": ".claude/rules/security.md",
        "hashed_secret": "9d4e1e23bd5b727046a9e3b4b7db57bd8d6ee684",
        "is_verified": false,
        "line_number": 14
      },
      {
        "type": "Basic Auth Credentials",
        "filename": ".claude/rules/security.md",
        "hashed_secret": "fdacbee6cd08ef014916c25b54654e2f200234e1",
        "is_verified": false,
        "line_number": 65
      }
    ],
    ".claude/rules/testing.md": [
      {
        "type": "Secret Keyword",
        "filename": ".claude/rules/testing.md",
        "hashed_secret": "3e49d12284b19d00908c881a95a5a5d03cb8d0a8",
        "is_verified": false,
        "line_number": 223
      }
    ],
    ".claude/skills/01-core-sdk/async-resource-safety.md": [
      {
        "type": "Secret Keyword",
        "filename": ".claude/skills/01-core-sdk/async-resource-safety.md",
        "hashed_secret": "7ce6ed3727ece51d2219f2bdc7f6db3594dc4d7f",
        "is_verified": false,
        "line_number": 226
      }
    ],
    ".claude/skills/01-core-sdk/param-passing-quick.md": [
      {
        "type": "Secret Keyword",
        "filename": ".claude/skills/01-core-sdk/param-passing-quick.md",
        "hashed_secret": "0c8a74bb623bfc686e623d3ef0c70c9a6e2e251e",
        "is_verified": false,
        "line_number": 58
      }
    ],
    ".claude/skills/02-dataflow/dataflow-connection-config.md": [
      {
        "type": "Basic Auth Credentials",
        "filename": ".claude/skills/02-dataflow/dataflow-connection-config.md",
        "hashed_secret": "5baa61e4c9b93f3f0682250b6cf8331b7ee68fd8",
        "is_verified": false,
        "line_number": 61
      },
      {
        "type": "Basic Auth Credentials",
        "filename": ".claude/skills/02-dataflow/dataflow-connection-config.md",
        "hashed_secret": "9d4e1e23bd5b727046a9e3b4b7db57bd8d6ee684",
        "is_verified": false,
        "line_number": 64
      },
      {
        "type": "Basic Auth Credentials",
        "filename": ".claude/skills/02-dataflow/dataflow-connection-config.md",
        "hashed_secret": "e5e9fa1ba31ecd1ae84f75caaa474f3a663f05f4",
        "is_verified": false,
        "line_number": 65
      },
      {
        "type": "Secret Keyword",
        "filename": ".claude/skills/02-dataflow/dataflow-connection-config.md",
        "hashed_secret": "1b5b466d327c6a36959764a7af03fd7b612baaee",
        "is_verified": false,
        "line_number": 160
      }
    ],
    ".claude/skills/02-dataflow/dataflow-deployment.md": [
      {
        "type": "Basic Auth Credentials",
        "filename": ".claude/skills/02-dataflow/dataflow-deployment.md",
        "hashed_secret": "9d4e1e23bd5b727046a9e3b4b7db57bd8d6ee684",
        "is_verified": false,
        "line_number": 83
      }
    ],
    ".claude/skills/02-dataflow/dataflow-dialects.md": [
      {
        "type": "Basic Auth Credentials",
        "filename": ".claude/skills/02-dataflow/dataflow-dialects.md",
        "hashed_secret": "9d4e1e23bd5b727046a9e3b4b7db57bd8d6ee684",
        "is_verified": false,
        "line_number": 167
      }
    ],
    ".claude/skills/02-dataflow/dataflow-existing-database.md": [
      {
        "type": "Basic Auth Credentials",
        "filename": ".claude/skills/02-dataflow/dataflow-existing-database.md",
        "hashed_secret": "9d4e1e23bd5b727046a9e3b4b7db57bd8d6ee684",
        "is_verified": false,
        "line_number": 30
      }
    ],
    ".claude/skills/02-dataflow/dataflow-fabric-engine.md": [
      {
        "type": "Secret Keyword",
        "filename": ".claude/skills/02-dataflow/dataflow-fabric-engine.md",
        "hashed_secret": "8cd77300d7dccdff396cf9658afec771b817ce48",
        "is_verified": false,
        "line_number": 256
      }
    ],
    ".claude/skills/02-dataflow/dataflow-multi-instance.md": [
      {
        "type": "Basic Auth Credentials",
        "filename": ".claude/skills/02-dataflow/dataflow-multi-instance.md",
        "hashed_secret": "9d4e1e23bd5b727046a9e3b4b7db57bd8d6ee684",
        "is_verified": false,
        "line_number": 35
      }
    ],
    ".claude/skills/02-dataflow/dataflow-nexus-integration.md": [
      {
        "type": "Basic Auth Credentials",
        "filename": ".claude/skills/02-dataflow/dataflow-nexus-integration.md",
        "hashed_secret": "9d4e1e23bd5b727046a9e3b4b7db57bd8d6ee684",
        "is_verified": false,
        "line_number": 33
      }
    ],
    ".claude/skills/02-dataflow/dataflow-quickstart.md": [
      {
        "type": "Basic Auth Credentials",
        "filename": ".claude/skills/02-dataflow/dataflow-quickstart.md",
        "hashed_secret": "9d4e1e23bd5b727046a9e3b4b7db57bd8d6ee684",
        "is_verified": false,
        "line_number": 154
      }
    ],
    ".claude/skills/03-nexus/nexus-agent-reference.md": [
      {
        "type": "Private Key",
        "filename": ".claude/skills/03-nexus/nexus-agent-reference.md",
        "hashed_secret": "1348b145fa1a555461c1b790a2f66614781091e9",
        "is_verified": false,
        "line_number": 68
      }
    ],
    ".claude/skills/03-nexus/nexus-auth-plugin.md": [
      {
        "type": "Private Key",
        "filename": ".claude/skills/03-nexus/nexus-auth-plugin.md",
        "hashed_secret": "1348b145fa1a555461c1b790a2f66614781091e9",
        "is_verified": false,
        "line_number": 104
      }
    ],
    ".claude/skills/03-nexus/nexus-config-options.md": [
      {
        "type": "Secret Keyword",
        "filename": ".claude/skills/03-nexus/nexus-config-options.md",
        "hashed_secret": "e5e9fa1ba31ecd1ae84f75caaa474f3a663f05f4",
        "is_verified": false,
        "line_number": 344
      }
    ],
    ".claude/skills/03-nexus/nexus-dataflow-integration.md": [
      {
        "type": "Basic Auth Credentials",
        "filename": ".claude/skills/03-nexus/nexus-dataflow-integration.md",
        "hashed_secret": "9d4e1e23bd5b727046a9e3b4b7db57bd8d6ee684",
        "is_verified": false,
        "line_number": 35
      }
    ],
    ".claude/skills/03-nexus/nexus-for-fastapi-users.md": [
      {
        "type": "Secret Keyword",
        "filename": ".claude/skills/03-nexus/nexus-for-fastapi-users.md",
        "hashed_secret": "33f220dd67f717cc949db63e21c90e130a6137da",
        "is_verified": false,
        "line_number": 125
      }
    ],
    ".claude/skills/03-nexus/nexus-production-deployment.md": [
      {
        "type": "Basic Auth Credentials",
        "filename": ".claude/skills/03-nexus/nexus-production-deployment.md",
        "hashed_secret": "5baa61e4c9b93f3f0682250b6cf8331b7ee68fd8",
        "is_verified": false,
        "line_number": 37
      }
    ],
    ".claude/skills/04-kaizen/kaizen-agent-manifest.md": [
      {
        "type": "Secret Keyword",
        "filename": ".claude/skills/04-kaizen/kaizen-agent-manifest.md",
        "hashed_secret": "7a977744e46833fd5adea3abff39eb8917ad969f",
        "is_verified": false,
        "line_number": 222
      }
    ],
    ".claude/skills/04-kaizen/kaizen-byok-patterns.md": [
      {
        "type": "Secret Keyword",
        "filename": ".claude/skills/04-kaizen/kaizen-byok-patterns.md",
        "hashed_secret": "5cd1e004840c581795e1c9f2ae691ad753d842aa",
        "is_verified": false,
        "line_number": 10
      }
    ],
    ".claude/skills/04-kaizen/kaizen-config-patterns.md": [
      {
        "type": "Secret Keyword",
        "filename": ".claude/skills/04-kaizen/kaizen-config-patterns.md",
        "hashed_secret": "6d9c68c603e465077bdd49c62347fe54717f83a3",
        "is_verified": false,
        "line_number": 330
      },
      {
        "type": "Secret Keyword",
        "filename": ".claude/skills/04-kaizen/kaizen-config-patterns.md",
        "hashed_secret": "11fa7c37d697f30e6aee828b4426a10f83ab2380",
        "is_verified": false,
        "line_number": 405
      }
    ],
    ".claude/skills/04-kaizen/kaizen-persistent-memory.md": [
      {
        "type": "Secret Keyword",
        "filename": ".claude/skills/04-kaizen/kaizen-persistent-memory.md",
        "hashed_secret": "5baa61e4c9b93f3f0682250b6cf8331b7ee68fd8",
        "is_verified": false,
        "line_number": 235
      }
    ],
    ".claude/skills/05-kailash-mcp/mcp-advanced-patterns.md": [
      {
        "type": "Secret Keyword",
        "filename": ".claude/skills/05-kailash-mcp/mcp-advanced-patterns.md",
        "hashed_secret": "33f220dd67f717cc949db63e21c90e130a6137da",
        "is_verified": false,
        "line_number": 48
      }
    ],
    ".claude/skills/06-cheatsheets/query-routing.md": [
      {
        "type": "Secret Keyword",
        "filename": ".claude/skills/06-cheatsheets/query-routing.md",
        "hashed_secret": "e5e9fa1ba31ecd1ae84f75caaa474f3a663f05f4",
        "is_verified": false,
        "line_number": 35
      }
    ],
    ".claude/skills/07-development-guides/parameter-passing-comprehensive.md": [
      {
        "type": "Secret Keyword",
        "filename": ".claude/skills/07-development-guides/parameter-passing-comprehensive.md",
        "hashed_secret": "9027cc5a2c1321de60a2d71ccde6229d1152d6d3",
        "is_verified": false,
        "line_number": 36
      }
    ],
    ".claude/skills/12-testing-strategies/testing-patterns.md": [
      {
        "type": "Basic Auth Credentials",
        "filename": ".claude/skills/12-testing-strategies/testing-patterns.md",
        "hashed_secret": "a94a8fe5ccb19ba61c4c0873d391e987982fbbd3",
        "is_verified": false,
        "line_number": 231
      }
    ],
    ".claude/skills/14-code-templates/template-test-integration.md": [
      {
        "type": "Basic Auth Credentials",
        "filename": ".claude/skills/14-code-templates/template-test-integration.md",
        "hashed_secret": "a94a8fe5ccb19ba61c4c0873d391e987982fbbd3",
        "is_verified": false,
        "line_number": 120
      }
    ],
    ".claude/skills/15-enterprise-infrastructure/SKILL.md": [
      {
        "type": "Basic Auth Credentials",
        "filename": ".claude/skills/15-enterprise-infrastructure/SKILL.md",
        "hashed_secret": "9d4e1e23bd5b727046a9e3b4b7db57bd8d6ee684",
        "is_verified": false,
        "line_number": 30
      }
    ],
    ".claude/skills/15-enterprise-infrastructure/progressive-infrastructure.md": [
      {
        "type": "Basic Auth Credentials",
        "filename": ".claude/skills/15-enterprise-infrastructure/progressive-infrastructure.md",
        "hashed_secret": "9d4e1e23bd5b727046a9e3b4b7db57bd8d6ee684",
        "is_verified": false,
        "line_number": 189
      }
    ],
    ".claude/skills/15-enterprise-infrastructure/task-queue-patterns.md": [
      {
        "type": "Basic Auth Credentials",
        "filename": ".claude/skills/15-enterprise-infrastructure/task-queue-patterns.md",
        "hashed_secret": "9d4e1e23bd5b727046a9e3b4b7db57bd8d6ee684",
        "is_verified": false,
        "line_number": 201
      }
    ],
    ".claude/skills/16-validation-patterns/validate-security.md": [
      {
        "type": "Secret Keyword",
        "filename": ".claude/skills/16-validation-patterns/validate-security.md",
        "hashed_secret": "a200967def1296094f1d05e89956b22e6542f561",
        "is_verified": false,
        "line_number": 23
      }
    ],
    ".claude/skills/17-gold-standards/SKILL.md": [
      {
        "type": "Secret Keyword",
        "filename": ".claude/skills/17-gold-standards/SKILL.md",
        "hashed_secret": "ec3810e10fb78db55ce38b9c18d1c3eb1db739e0",
        "is_verified": false,
        "line_number": 51
      }
    ],
    ".claude/skills/17-gold-standards/gold-parameter-passing.md": [
      {
        "type": "Secret Keyword",
        "filename": ".claude/skills/17-gold-standards/gold-parameter-passing.md",
        "hashed_secret": "0c8a74bb623bfc686e623d3ef0c70c9a6e2e251e",
        "is_verified": false,
        "line_number": 75
      }
    ],
    ".claude/skills/18-security-patterns/SKILL.md": [
      {
        "type": "Secret Keyword",
        "filename": ".claude/skills/18-security-patterns/SKILL.md",
        "hashed_secret": "159920628cb789601a3ef7859918baa2e9ea7d15",
        "is_verified": false,
        "line_number": 27
      },
      {
        "type": "Secret Keyword",
        "filename": ".claude/skills/18-security-patterns/SKILL.md",
        "hashed_secret": "1cf4c502ddd89b918c4bfefea76dadd590693b48",
        "is_verified": false,
        "line_number": 28
      }
    ],
    ".claude/skills/18-security-patterns/credential-url-handling.md": [
      {
        "type": "Basic Auth Credentials",
        "filename": ".claude/skills/18-security-patterns/credential-url-handling.md",
        "hashed_secret": "fdacbee6cd08ef014916c25b54654e2f200234e1",
        "is_verified": false,
        "line_number": 43
      }
    ],
    ".claude/skills/31-error-troubleshooting/error-kaizen-provider-config.md": [
      {
        "type": "Secret Keyword",
        "filename": ".claude/skills/31-error-troubleshooting/error-kaizen-provider-config.md",
        "hashed_secret": "6d9c68c603e465077bdd49c62347fe54717f83a3",
        "is_verified": false,
        "line_number": 101
      }
    ],
    ".claude/skills/31-error-troubleshooting/error-nexus-blocking.md": [
      {
        "type": "Basic Auth Credentials",
        "filename": ".claude/skills/31-error-troubleshooting/error-nexus-blocking.md",
        "hashed_secret": "9d4e1e23bd5b727046a9e3b4b7db57bd8d6ee684",
        "is_verified": false,
        "line_number": 61
      }
    ],
    "scripts/deployment/deploy-tenant.sh": [
      {
        "type": "Secret Keyword",
        "filename": "scripts/deployment/deploy-tenant.sh",
        "hashed_secret": "3375bc0b4445a1e2c49c5925e5b943c2c71bcdbd",
        "is_verified": false,
        "line_number": 17
      }
    ],
    "scripts/development/README.md": [
      {
        "type": "Basic Auth Credentials",
        "filename": "scripts/development/README.md",
        "hashed_secret": "3375bc0b4445a1e2c49c5925e5b943c2c71bcdbd",
        "is_verified": false,
        "line_number": 156
      }
    ],
    "scripts/development/setup-databases.sh": [
      {
        "type": "Basic Auth Credentials",
        "filename": "scripts/development/setup-databases.sh",
        "hashed_secret": "5baa61e4c9b93f3f0682250b6cf8331b7ee68fd8",
        "is_verified": false,
        "line_number": 57
      }
    ],
    "scripts/development/setup-environment.sh": [
      {
        "type": "Basic Auth Credentials",
        "filename": "scripts/development/setup-environment.sh",
        "hashed_secret": "3375bc0b4445a1e2c49c5925e5b943c2c71bcdbd",
        "is_verified": false,
        "line_number": 154
      }
    ],
    "scripts/hooks/lib/env-utils.js": [
      {
        "type": "Basic Auth Credentials",
        "filename": "scripts/hooks/lib/env-utils.js",
        "hashed_secret": "9d4e1e23bd5b727046a9e3b4b7db57bd8d6ee684",
        "is_verified": false,
        "line_number": 229
      }
    ]
  },
  "generated_at": "2026-04-30T17:38:10Z"
}
